[Map]
image=_22_ PAC-MAN.bmp
wrap=no
scroll=none
warn=no
author=_MIKE CRUSH_


[Continents]
PAC-MAN=3
GHOSTS=3


[Territories]
pac1,162,63,PAC-MAN,pac2,pac3,pac4,pac5,pac6,pac7,pac8,pac9,pac10
pac2,332,64,PAC-MAN,pac1,pac3,pac4,pac5,pac6,pac7,pac8,pac9,pac10
pac3,415,117,PAC-MAN,pac1,pac2,pac4,pac5,pac6,pac7,pac8,pac9,pac10
pac4,280,195,PAC-MAN,pac1,pac2,pac3,pac5,pac6,pac7,pac8,pac9,pac10
pac5,163,235,PAC-MAN,pac1,pac2,pac3,pac4,pac6,pac7,pac8,pac9,pac10
pac6,326,235,PAC-MAN,pac1,pac2,pac3,pac4,pac5,pac7,pac8,pac9,pac10,gh4
pac7,397,313,PAC-MAN,pac1,pac2,pac3,pac4,pac5,pac6,pac8,pac9,pac10
pac8,286,354,PAC-MAN,pac1,pac2,pac3,pac4,pac5,pac6,pac7,pac9,pac10
pac9,174,432,PAC-MAN,pac1,pac2,pac3,pac4,pac5,pac6,pac7,pac8,pac10
pac10,423,432,PAC-MAN,pac1,pac2,pac3,pac4,pac5,pac6,pac7,pac8,pac9

gh1,235,71,GHOSTS,gh2,gh3,gh4,gh5,gh6,gh7,gh8,gh9,gh10
gh2,215,137,GHOSTS,gh1,gh3,gh4,gh5,gh6,gh7,gh8,gh9,gh10
gh3,477,150,GHOSTS,gh1,gh2,gh4,gh5,gh6,gh7,gh8,gh9,gh10
gh4,296,241,GHOSTS,gh1,gh2,gh3,gh5,gh6,gh7,gh8,gh9,gh10,pac6
gh5,449,242,GHOSTS,gh1,gh2,gh3,gh4,gh6,gh7,gh8,gh9,gh10
gh6,359,282,GHOSTS,gh1,gh2,gh3,gh4,gh5,gh7,gh8,gh9,gh10
gh7,149,339,GHOSTS,gh1,gh2,gh3,gh4,gh5,gh6,gh8,gh9,gh10
gh8,249,360,GHOSTS,gh1,gh2,gh3,gh4,gh5,gh6,gh7,gh9,gh10
gh9,333,419,GHOSTS,gh1,gh2,gh3,gh4,gh5,gh6,gh7,gh8,gh10
gh10,457,439,GHOSTS,gh1,gh2,gh3,gh4,gh5,gh6,gh7,gh8,gh9






